Archive member included to satisfy reference by file (symbol)

/usr/lib/gcc/avr/5.4.0/avr5/libgcc.a(_divmodhi4.o)
                              obj/inout.o (__divmodhi4)
/usr/lib/gcc/avr/5.4.0/avr5/libgcc.a(_exit.o)
                              /usr/lib/gcc/avr/5.4.0/../../../avr/lib/avr5/crtat90usb647.o (exit)
/usr/lib/gcc/avr/5.4.0/avr5/libgcc.a(_copy_data.o)
                              obj/KeyboardHost.o (__do_copy_data)
/usr/lib/gcc/avr/5.4.0/avr5/libgcc.a(_clear_bss.o)
                              obj/KeyboardHost.o (__do_clear_bss)
/usr/lib/gcc/avr/5.4.0/avr5/libgcc.a(_udivmodhi4.o)
                              /usr/lib/gcc/avr/5.4.0/avr5/libgcc.a(_divmodhi4.o) (__udivmodhi4)
/usr/lib/gcc/avr/5.4.0/../../../avr/lib/avr5/libc.a(iob.o)
                              obj/Serial_AVR8.o (__iob)
/usr/lib/gcc/avr/5.4.0/../../../avr/lib/avr5/libc.a(printf_p.o)
                              obj/KeyboardHost.o (printf_P)
/usr/lib/gcc/avr/5.4.0/../../../avr/lib/avr5/libc.a(puts_p.o)
                              obj/KeyboardHost.o (puts_P)
/usr/lib/gcc/avr/5.4.0/../../../avr/lib/avr5/libc.a(vfprintf_std.o)
                              /usr/lib/gcc/avr/5.4.0/../../../avr/lib/avr5/libc.a(printf_p.o) (vfprintf)
/usr/lib/gcc/avr/5.4.0/../../../avr/lib/avr5/libc.a(strnlen_P.o)
                              /usr/lib/gcc/avr/5.4.0/../../../avr/lib/avr5/libc.a(vfprintf_std.o) (strnlen_P)
/usr/lib/gcc/avr/5.4.0/../../../avr/lib/avr5/libc.a(strnlen.o)
                              /usr/lib/gcc/avr/5.4.0/../../../avr/lib/avr5/libc.a(vfprintf_std.o) (strnlen)
/usr/lib/gcc/avr/5.4.0/../../../avr/lib/avr5/libc.a(fputc.o)
                              /usr/lib/gcc/avr/5.4.0/../../../avr/lib/avr5/libc.a(vfprintf_std.o) (fputc)
/usr/lib/gcc/avr/5.4.0/../../../avr/lib/avr5/libc.a(ultoa_invert.o)
                              /usr/lib/gcc/avr/5.4.0/../../../avr/lib/avr5/libc.a(vfprintf_std.o) (__ultoa_invert)
/usr/lib/gcc/avr/5.4.0/../../../avr/lib/avr5/libat90usb647.a(eerd_byte.o)
                              obj/PipeStream_AVR8.o (eeprom_read_byte)
/usr/lib/gcc/avr/5.4.0/../../../avr/lib/avr5/libat90usb647.a(eeupd_byte.o)
                              obj/PipeStream_AVR8.o (eeprom_update_byte)
/usr/lib/gcc/avr/5.4.0/avr5/libgcc.a(_prologue.o)
                              /usr/lib/gcc/avr/5.4.0/../../../avr/lib/avr5/libc.a(printf_p.o) (__prologue_saves__)
/usr/lib/gcc/avr/5.4.0/avr5/libgcc.a(_epilogue.o)
                              /usr/lib/gcc/avr/5.4.0/../../../avr/lib/avr5/libc.a(printf_p.o) (__epilogue_restores__)

Allocating common symbols
Common symbol       size              file

USB_IsInitialized   0x1               obj/USBTask.o
USB_Host_ConfigurationNumber
                    0x1               obj/HostStandardReq.o
buffer              0x103             obj/inout.o
USARTSerialStream   0xe               obj/Serial_AVR8.o
USB_ControlRequest  0x8               obj/USBTask.o
USB_HostState       0x1               obj/USBTask.o
__iob               0x6               /usr/lib/gcc/avr/5.4.0/../../../avr/lib/avr5/libc.a(iob.o)

Discarded input sections

 .data          0x0000000000000000        0x0 /usr/lib/gcc/avr/5.4.0/../../../avr/lib/avr5/crtat90usb647.o
 .bss           0x0000000000000000        0x0 /usr/lib/gcc/avr/5.4.0/../../../avr/lib/avr5/crtat90usb647.o
 .text          0x0000000000000000        0x0 obj/KeyboardHost.o
 .data          0x0000000000000000        0x0 obj/KeyboardHost.o
 .text.processKeyUp
                0x0000000000000000        0x4 obj/KeyboardHost.o
 .text          0x0000000000000000        0x0 obj/ConfigDescriptor.o
 .data          0x0000000000000000        0x0 obj/ConfigDescriptor.o
 .bss           0x0000000000000000        0x0 obj/ConfigDescriptor.o
 .text          0x0000000000000000        0x0 obj/inout.o
 .text.isEmpty  0x0000000000000000       0x14 obj/inout.o
 .text.setHighOutput
                0x0000000000000000       0x2a obj/inout.o
 .text.setLowOutput
                0x0000000000000000       0x30 obj/inout.o
 .text.reverseOutput
                0x0000000000000000       0x2a obj/inout.o
 .text          0x0000000000000000        0x0 obj/HIDParser.o
 .data          0x0000000000000000        0x0 obj/HIDParser.o
 .bss           0x0000000000000000        0x0 obj/HIDParser.o
 .text.USB_ProcessHIDReport
                0x0000000000000000      0x6cc obj/HIDParser.o
 .text.USB_GetHIDReportItemInfo
                0x0000000000000000       0xbc obj/HIDParser.o
 .text.USB_SetHIDReportItemInfo
                0x0000000000000000       0xc0 obj/HIDParser.o
 .text.USB_GetHIDReportSize
                0x0000000000000000       0x56 obj/HIDParser.o
 .debug_info    0x0000000000000000      0x739 obj/HIDParser.o
 .debug_abbrev  0x0000000000000000      0x21a obj/HIDParser.o
 .debug_loc     0x0000000000000000      0xadb obj/HIDParser.o
 .debug_aranges
                0x0000000000000000       0x38 obj/HIDParser.o
 .debug_ranges  0x0000000000000000       0xd0 obj/HIDParser.o
 .debug_line    0x0000000000000000      0x566 obj/HIDParser.o
 .debug_str     0x0000000000000000      0x6d1 obj/HIDParser.o
 .comment       0x0000000000000000       0x12 obj/HIDParser.o
 .debug_frame   0x0000000000000000      0x11c obj/HIDParser.o
 .text          0x0000000000000000        0x0 obj/Device_AVR8.o
 .data          0x0000000000000000        0x0 obj/Device_AVR8.o
 .bss           0x0000000000000000        0x0 obj/Device_AVR8.o
 .debug_info    0x0000000000000000       0x56 obj/Device_AVR8.o
 .debug_abbrev  0x0000000000000000       0x26 obj/Device_AVR8.o
 .debug_aranges
                0x0000000000000000       0x18 obj/Device_AVR8.o
 .debug_line    0x0000000000000000       0x1a obj/Device_AVR8.o
 .debug_str     0x0000000000000000      0x1ae obj/Device_AVR8.o
 .comment       0x0000000000000000       0x12 obj/Device_AVR8.o
 .text          0x0000000000000000        0x0 obj/EndpointStream_AVR8.o
 .data          0x0000000000000000        0x0 obj/EndpointStream_AVR8.o
 .bss           0x0000000000000000        0x0 obj/EndpointStream_AVR8.o
 .debug_info    0x0000000000000000       0x56 obj/EndpointStream_AVR8.o
 .debug_abbrev  0x0000000000000000       0x26 obj/EndpointStream_AVR8.o
 .debug_aranges
                0x0000000000000000       0x18 obj/EndpointStream_AVR8.o
 .debug_line    0x0000000000000000       0x1a obj/EndpointStream_AVR8.o
 .debug_str     0x0000000000000000      0x1b6 obj/EndpointStream_AVR8.o
 .comment       0x0000000000000000       0x12 obj/EndpointStream_AVR8.o
 .text          0x0000000000000000        0x0 obj/Endpoint_AVR8.o
 .data          0x0000000000000000        0x0 obj/Endpoint_AVR8.o
 .bss           0x0000000000000000        0x0 obj/Endpoint_AVR8.o
 .debug_info    0x0000000000000000       0x56 obj/Endpoint_AVR8.o
 .debug_abbrev  0x0000000000000000       0x26 obj/Endpoint_AVR8.o
 .debug_aranges
                0x0000000000000000       0x18 obj/Endpoint_AVR8.o
 .debug_line    0x0000000000000000       0x1a obj/Endpoint_AVR8.o
 .debug_str     0x0000000000000000      0x1b0 obj/Endpoint_AVR8.o
 .comment       0x0000000000000000       0x12 obj/Endpoint_AVR8.o
 .text          0x0000000000000000        0x0 obj/Host_AVR8.o
 .data          0x0000000000000000        0x0 obj/Host_AVR8.o
 .text          0x0000000000000000        0x0 obj/PipeStream_AVR8.o
 .data          0x0000000000000000        0x0 obj/PipeStream_AVR8.o
 .bss           0x0000000000000000        0x0 obj/PipeStream_AVR8.o
 .text.Pipe_Discard_Stream
                0x0000000000000000       0x8e obj/PipeStream_AVR8.o
 .text.Pipe_Null_Stream
                0x0000000000000000       0x92 obj/PipeStream_AVR8.o
 .text.Pipe_Write_Stream_LE
                0x0000000000000000       0xa2 obj/PipeStream_AVR8.o
 .text.Pipe_Write_Stream_BE
                0x0000000000000000       0xac obj/PipeStream_AVR8.o
 .text.Pipe_Read_Stream_BE
                0x0000000000000000       0xac obj/PipeStream_AVR8.o
 .text.Pipe_Write_PStream_LE
                0x0000000000000000       0xa6 obj/PipeStream_AVR8.o
 .text.Pipe_Write_PStream_BE
                0x0000000000000000       0xae obj/PipeStream_AVR8.o
 .text.Pipe_Write_EStream_LE
                0x0000000000000000       0xa8 obj/PipeStream_AVR8.o
 .text.Pipe_Write_EStream_BE
                0x0000000000000000       0xb0 obj/PipeStream_AVR8.o
 .text.Pipe_Read_EStream_LE
                0x0000000000000000       0xa8 obj/PipeStream_AVR8.o
 .text.Pipe_Read_EStream_BE
                0x0000000000000000       0xb0 obj/PipeStream_AVR8.o
 .text          0x0000000000000000        0x0 obj/Pipe_AVR8.o
 .bss           0x0000000000000000        0x0 obj/Pipe_AVR8.o
 .text.Pipe_ConfigurePipeTable
                0x0000000000000000       0x42 obj/Pipe_AVR8.o
 .text.Pipe_IsEndpointBound
                0x0000000000000000       0x50 obj/Pipe_AVR8.o
 .text          0x0000000000000000        0x0 obj/USBController_AVR8.o
 .data          0x0000000000000000        0x0 obj/USBController_AVR8.o
 .bss           0x0000000000000000        0x0 obj/USBController_AVR8.o
 .text          0x0000000000000000        0x0 obj/USBInterrupt_AVR8.o
 .data          0x0000000000000000        0x0 obj/USBInterrupt_AVR8.o
 .bss           0x0000000000000000        0x0 obj/USBInterrupt_AVR8.o
 .text          0x0000000000000000        0x0 obj/ConfigDescriptors.o
 .data          0x0000000000000000        0x0 obj/ConfigDescriptors.o
 .bss           0x0000000000000000        0x0 obj/ConfigDescriptors.o
 .text.USB_GetNextDescriptorOfType
                0x0000000000000000       0x38 obj/ConfigDescriptors.o
 .text.USB_GetNextDescriptorOfTypeBefore
                0x0000000000000000       0x46 obj/ConfigDescriptors.o
 .text.USB_GetNextDescriptorOfTypeAfter
                0x0000000000000000       0x3e obj/ConfigDescriptors.o
 .text          0x0000000000000000        0x0 obj/DeviceStandardReq.o
 .data          0x0000000000000000        0x0 obj/DeviceStandardReq.o
 .bss           0x0000000000000000        0x0 obj/DeviceStandardReq.o
 .debug_info    0x0000000000000000       0x56 obj/DeviceStandardReq.o
 .debug_abbrev  0x0000000000000000       0x26 obj/DeviceStandardReq.o
 .debug_aranges
                0x0000000000000000       0x18 obj/DeviceStandardReq.o
 .debug_line    0x0000000000000000       0x1a obj/DeviceStandardReq.o
 .debug_str     0x0000000000000000      0x1af obj/DeviceStandardReq.o
 .comment       0x0000000000000000       0x12 obj/DeviceStandardReq.o
 .text          0x0000000000000000        0x0 obj/Events.o
 .data          0x0000000000000000        0x0 obj/Events.o
 .bss           0x0000000000000000        0x0 obj/Events.o
 .text.USB_Event_Stub_2
                0x0000000000000000        0x2 obj/Events.o
 .text.USB_Event_Stub_3
                0x0000000000000000        0x2 obj/Events.o
 .text          0x0000000000000000        0x0 obj/HostStandardReq.o
 .data          0x0000000000000000        0x0 obj/HostStandardReq.o
 .bss           0x0000000000000000        0x0 obj/HostStandardReq.o
 .rodata        0x0000000000000000        0x8 obj/HostStandardReq.o
 .text.USB_Host_GetDeviceConfiguration
                0x0000000000000000       0x1a obj/HostStandardReq.o
 .text.USB_Host_GetDescriptor
                0x0000000000000000       0x28 obj/HostStandardReq.o
 .text.USB_Host_GetDeviceStatus
                0x0000000000000000       0x1e obj/HostStandardReq.o
 .text.USB_Host_ClearEndpointStall
                0x0000000000000000       0x26 obj/HostStandardReq.o
 .text.USB_Host_SetInterfaceAltSetting
                0x0000000000000000       0x28 obj/HostStandardReq.o
 .text.USB_Host_GetInterfaceAltSetting
                0x0000000000000000       0x2a obj/HostStandardReq.o
 .text          0x0000000000000000        0x0 obj/USBTask.o
 .data          0x0000000000000000        0x0 obj/USBTask.o
 .bss           0x0000000000000000        0x0 obj/USBTask.o
 .text          0x0000000000000000        0x0 obj/Serial_AVR8.o
 .data          0x0000000000000000        0x0 obj/Serial_AVR8.o
 .bss           0x0000000000000000        0x0 obj/Serial_AVR8.o
 .text.Serial_getchar_Blocking
                0x0000000000000000       0x1e obj/Serial_AVR8.o
 .text.Serial_SendString_P
                0x0000000000000000       0x1a obj/Serial_AVR8.o
 .text.Serial_SendString
                0x0000000000000000       0x18 obj/Serial_AVR8.o
 .text.Serial_SendData
                0x0000000000000000       0x20 obj/Serial_AVR8.o
 .text.Serial_CreateBlockingStream
                0x0000000000000000       0x3c obj/Serial_AVR8.o
 .text          0x0000000000000000        0x0 /usr/lib/gcc/avr/5.4.0/avr5/libgcc.a(_divmodhi4.o)
 .data          0x0000000000000000        0x0 /usr/lib/gcc/avr/5.4.0/avr5/libgcc.a(_divmodhi4.o)
 .bss           0x0000000000000000        0x0 /usr/lib/gcc/avr/5.4.0/avr5/libgcc.a(_divmodhi4.o)
 .text.libgcc.mul
                0x0000000000000000        0x0 /usr/lib/gcc/avr/5.4.0/avr5/libgcc.a(_divmodhi4.o)
 .text.libgcc   0x0000000000000000        0x0 /usr/lib/gcc/avr/5.4.0/avr5/libgcc.a(_divmodhi4.o)
 .text.libgcc.prologue
                0x0000000000000000        0x0 /usr/lib/gcc/avr/5.4.0/avr5/libgcc.a(_divmodhi4.o)
 .text.libgcc.builtins
                0x0000000000000000        0x0 /usr/lib/gcc/avr/5.4.0/avr5/libgcc.a(_divmodhi4.o)
 .text.libgcc.fmul
                0x0000000000000000        0x0 /usr/lib/gcc/avr/5.4.0/avr5/libgcc.a(_divmodhi4.o)
 .text.libgcc.fixed
                0x0000000000000000        0x0 /usr/lib/gcc/avr/5.4.0/avr5/libgcc.a(_divmodhi4.o)
 .text          0x0000000000000000        0x0 /usr/lib/gcc/avr/5.4.0/avr5/libgcc.a(_exit.o)
 .data          0x0000000000000000        0x0 /usr/lib/gcc/avr/5.4.0/avr5/libgcc.a(_exit.o)
 .bss           0x0000000000000000        0x0 /usr/lib/gcc/avr/5.4.0/avr5/libgcc.a(_exit.o)
 .text.libgcc.mul
                0x0000000000000000        0x0 /usr/lib/gcc/avr/5.4.0/avr5/libgcc.a(_exit.o)
 .text.libgcc.div
                0x0000000000000000        0x0 /usr/lib/gcc/avr/5.4.0/avr5/libgcc.a(_exit.o)
 .text.libgcc   0x0000000000000000        0x0 /usr/lib/gcc/avr/5.4.0/avr5/libgcc.a(_exit.o)
 .text.libgcc.prologue
                0x0000000000000000        0x0 /usr/lib/gcc/avr/5.4.0/avr5/libgcc.a(_exit.o)
 .text.libgcc.builtins
                0x0000000000000000        0x0 /usr/lib/gcc/avr/5.4.0/avr5/libgcc.a(_exit.o)
 .text.libgcc.fmul
                0x0000000000000000        0x0 /usr/lib/gcc/avr/5.4.0/avr5/libgcc.a(_exit.o)
 .text.libgcc.fixed
                0x0000000000000000        0x0 /usr/lib/gcc/avr/5.4.0/avr5/libgcc.a(_exit.o)
 .text          0x0000000000000000        0x0 /usr/lib/gcc/avr/5.4.0/avr5/libgcc.a(_copy_data.o)
 .data          0x0000000000000000        0x0 /usr/lib/gcc/avr/5.4.0/avr5/libgcc.a(_copy_data.o)
 .bss           0x0000000000000000        0x0 /usr/lib/gcc/avr/5.4.0/avr5/libgcc.a(_copy_data.o)
 .text.libgcc.mul
                0x0000000000000000        0x0 /usr/lib/gcc/avr/5.4.0/avr5/libgcc.a(_copy_data.o)
 .text.libgcc.div
                0x0000000000000000        0x0 /usr/lib/gcc/avr/5.4.0/avr5/libgcc.a(_copy_data.o)
 .text.libgcc   0x0000000000000000        0x0 /usr/lib/gcc/avr/5.4.0/avr5/libgcc.a(_copy_data.o)
 .text.libgcc.prologue
                0x0000000000000000        0x0 /usr/lib/gcc/avr/5.4.0/avr5/libgcc.a(_copy_data.o)
 .text.libgcc.builtins
                0x0000000000000000        0x0 /usr/lib/gcc/avr/5.4.0/avr5/libgcc.a(_copy_data.o)
 .text.libgcc.fmul
                0x0000000000000000        0x0 /usr/lib/gcc/avr/5.4.0/avr5/libgcc.a(_copy_data.o)
 .text.libgcc.fixed
                0x0000000000000000        0x0 /usr/lib/gcc/avr/5.4.0/avr5/libgcc.a(_copy_data.o)
 .text          0x0000000000000000        0x0 /usr/lib/gcc/avr/5.4.0/avr5/libgcc.a(_clear_bss.o)
 .data          0x0000000000000000        0x0 /usr/lib/gcc/avr/5.4.0/avr5/libgcc.a(_clear_bss.o)
 .bss           0x0000000000000000        0x0 /usr/lib/gcc/avr/5.4.0/avr5/libgcc.a(_clear_bss.o)
 .text.libgcc.mul
                0x0000000000000000        0x0 /usr/lib/gcc/avr/5.4.0/avr5/libgcc.a(_clear_bss.o)
 .text.libgcc.div
                0x0000000000000000        0x0 /usr/lib/gcc/avr/5.4.0/avr5/libgcc.a(_clear_bss.o)
 .text.libgcc   0x0000000000000000        0x0 /usr/lib/gcc/avr/5.4.0/avr5/libgcc.a(_clear_bss.o)
 .text.libgcc.prologue
                0x0000000000000000        0x0 /usr/lib/gcc/avr/5.4.0/avr5/libgcc.a(_clear_bss.o)
 .text.libgcc.builtins
                0x0000000000000000        0x0 /usr/lib/gcc/avr/5.4.0/avr5/libgcc.a(_clear_bss.o)
 .text.libgcc.fmul
                0x0000000000000000        0x0 /usr/lib/gcc/avr/5.4.0/avr5/libgcc.a(_clear_bss.o)
 .text.libgcc.fixed
                0x0000000000000000        0x0 /usr/lib/gcc/avr/5.4.0/avr5/libgcc.a(_clear_bss.o)
 .text          0x0000000000000000        0x0 /usr/lib/gcc/avr/5.4.0/avr5/libgcc.a(_udivmodhi4.o)
 .data          0x0000000000000000        0x0 /usr/lib/gcc/avr/5.4.0/avr5/libgcc.a(_udivmodhi4.o)
 .bss           0x0000000000000000        0x0 /usr/lib/gcc/avr/5.4.0/avr5/libgcc.a(_udivmodhi4.o)
 .text.libgcc.mul
                0x0000000000000000        0x0 /usr/lib/gcc/avr/5.4.0/avr5/libgcc.a(_udivmodhi4.o)
 .text.libgcc   0x0000000000000000        0x0 /usr/lib/gcc/avr/5.4.0/avr5/libgcc.a(_udivmodhi4.o)
 .text.libgcc.prologue
                0x0000000000000000        0x0 /usr/lib/gcc/avr/5.4.0/avr5/libgcc.a(_udivmodhi4.o)
 .text.libgcc.builtins
                0x0000000000000000        0x0 /usr/lib/gcc/avr/5.4.0/avr5/libgcc.a(_udivmodhi4.o)
 .text.libgcc.fmul
                0x0000000000000000        0x0 /usr/lib/gcc/avr/5.4.0/avr5/libgcc.a(_udivmodhi4.o)
 .text.libgcc.fixed
                0x0000000000000000        0x0 /usr/lib/gcc/avr/5.4.0/avr5/libgcc.a(_udivmodhi4.o)
 .text          0x0000000000000000        0x0 /usr/lib/gcc/avr/5.4.0/../../../avr/lib/avr5/libc.a(iob.o)
 .data          0x0000000000000000        0x0 /usr/lib/gcc/avr/5.4.0/../../../avr/lib/avr5/libc.a(iob.o)
 .bss           0x0000000000000000        0x0 /usr/lib/gcc/avr/5.4.0/../../../avr/lib/avr5/libc.a(iob.o)
 .text          0x0000000000000000        0x0 /usr/lib/gcc/avr/5.4.0/../../../avr/lib/avr5/libc.a(printf_p.o)
 .data          0x0000000000000000        0x0 /usr/lib/gcc/avr/5.4.0/../../../avr/lib/avr5/libc.a(printf_p.o)
 .bss           0x0000000000000000        0x0 /usr/lib/gcc/avr/5.4.0/../../../avr/lib/avr5/libc.a(printf_p.o)
 .text          0x0000000000000000        0x0 /usr/lib/gcc/avr/5.4.0/../../../avr/lib/avr5/libc.a(puts_p.o)
 .data          0x0000000000000000        0x0 /usr/lib/gcc/avr/5.4.0/../../../avr/lib/avr5/libc.a(puts_p.o)
 .bss           0x0000000000000000        0x0 /usr/lib/gcc/avr/5.4.0/../../../avr/lib/avr5/libc.a(puts_p.o)
 .text          0x0000000000000000        0x0 /usr/lib/gcc/avr/5.4.0/../../../avr/lib/avr5/libc.a(vfprintf_std.o)
 .data          0x0000000000000000        0x0 /usr/lib/gcc/avr/5.4.0/../../../avr/lib/avr5/libc.a(vfprintf_std.o)
 .bss           0x0000000000000000        0x0 /usr/lib/gcc/avr/5.4.0/../../../avr/lib/avr5/libc.a(vfprintf_std.o)
 .text          0x0000000000000000        0x0 /usr/lib/gcc/avr/5.4.0/../../../avr/lib/avr5/libc.a(strnlen_P.o)
 .data          0x0000000000000000        0x0 /usr/lib/gcc/avr/5.4.0/../../../avr/lib/avr5/libc.a(strnlen_P.o)
 .bss           0x0000000000000000        0x0 /usr/lib/gcc/avr/5.4.0/../../../avr/lib/avr5/libc.a(strnlen_P.o)
 .text          0x0000000000000000        0x0 /usr/lib/gcc/avr/5.4.0/../../../avr/lib/avr5/libc.a(strnlen.o)
 .data          0x0000000000000000        0x0 /usr/lib/gcc/avr/5.4.0/../../../avr/lib/avr5/libc.a(strnlen.o)
 .bss           0x0000000000000000        0x0 /usr/lib/gcc/avr/5.4.0/../../../avr/lib/avr5/libc.a(strnlen.o)
 .text          0x0000000000000000        0x0 /usr/lib/gcc/avr/5.4.0/../../../avr/lib/avr5/libc.a(fputc.o)
 .data          0x0000000000000000        0x0 /usr/lib/gcc/avr/5.4.0/../../../avr/lib/avr5/libc.a(fputc.o)
 .bss           0x0000000000000000        0x0 /usr/lib/gcc/avr/5.4.0/../../../avr/lib/avr5/libc.a(fputc.o)
 .text          0x0000000000000000        0x0 /usr/lib/gcc/avr/5.4.0/../../../avr/lib/avr5/libc.a(ultoa_invert.o)
 .data          0x0000000000000000        0x0 /usr/lib/gcc/avr/5.4.0/../../../avr/lib/avr5/libc.a(ultoa_invert.o)
 .bss           0x0000000000000000        0x0 /usr/lib/gcc/avr/5.4.0/../../../avr/lib/avr5/libc.a(ultoa_invert.o)
 .text          0x0000000000000000        0x0 /usr/lib/gcc/avr/5.4.0/../../../avr/lib/avr5/libat90usb647.a(eerd_byte.o)
 .data          0x0000000000000000        0x0 /usr/lib/gcc/avr/5.4.0/../../../avr/lib/avr5/libat90usb647.a(eerd_byte.o)
 .bss           0x0000000000000000        0x0 /usr/lib/gcc/avr/5.4.0/../../../avr/lib/avr5/libat90usb647.a(eerd_byte.o)
 .text.avr-libc
                0x0000000000000000       0x10 /usr/lib/gcc/avr/5.4.0/../../../avr/lib/avr5/libat90usb647.a(eerd_byte.o)
 .text          0x0000000000000000        0x0 /usr/lib/gcc/avr/5.4.0/../../../avr/lib/avr5/libat90usb647.a(eeupd_byte.o)
 .data          0x0000000000000000        0x0 /usr/lib/gcc/avr/5.4.0/../../../avr/lib/avr5/libat90usb647.a(eeupd_byte.o)
 .bss           0x0000000000000000        0x0 /usr/lib/gcc/avr/5.4.0/../../../avr/lib/avr5/libat90usb647.a(eeupd_byte.o)
 .text.avr-libc
                0x0000000000000000       0x24 /usr/lib/gcc/avr/5.4.0/../../../avr/lib/avr5/libat90usb647.a(eeupd_byte.o)
 .text          0x0000000000000000        0x0 /usr/lib/gcc/avr/5.4.0/avr5/libgcc.a(_prologue.o)
 .data          0x0000000000000000        0x0 /usr/lib/gcc/avr/5.4.0/avr5/libgcc.a(_prologue.o)
 .bss           0x0000000000000000        0x0 /usr/lib/gcc/avr/5.4.0/avr5/libgcc.a(_prologue.o)
 .text.libgcc.mul
                0x0000000000000000        0x0 /usr/lib/gcc/avr/5.4.0/avr5/libgcc.a(_prologue.o)
 .text.libgcc.div
                0x0000000000000000        0x0 /usr/lib/gcc/avr/5.4.0/avr5/libgcc.a(_prologue.o)
 .text.libgcc   0x0000000000000000        0x0 /usr/lib/gcc/avr/5.4.0/avr5/libgcc.a(_prologue.o)
 .text.libgcc.builtins
                0x0000000000000000        0x0 /usr/lib/gcc/avr/5.4.0/avr5/libgcc.a(_prologue.o)
 .text.libgcc.fmul
                0x0000000000000000        0x0 /usr/lib/gcc/avr/5.4.0/avr5/libgcc.a(_prologue.o)
 .text.libgcc.fixed
                0x0000000000000000        0x0 /usr/lib/gcc/avr/5.4.0/avr5/libgcc.a(_prologue.o)
 .text          0x0000000000000000        0x0 /usr/lib/gcc/avr/5.4.0/avr5/libgcc.a(_epilogue.o)
 .data          0x0000000000000000        0x0 /usr/lib/gcc/avr/5.4.0/avr5/libgcc.a(_epilogue.o)
 .bss           0x0000000000000000        0x0 /usr/lib/gcc/avr/5.4.0/avr5/libgcc.a(_epilogue.o)
 .text.libgcc.mul
                0x0000000000000000        0x0 /usr/lib/gcc/avr/5.4.0/avr5/libgcc.a(_epilogue.o)
 .text.libgcc.div
                0x0000000000000000        0x0 /usr/lib/gcc/avr/5.4.0/avr5/libgcc.a(_epilogue.o)
 .text.libgcc   0x0000000000000000        0x0 /usr/lib/gcc/avr/5.4.0/avr5/libgcc.a(_epilogue.o)
 .text.libgcc.builtins
                0x0000000000000000        0x0 /usr/lib/gcc/avr/5.4.0/avr5/libgcc.a(_epilogue.o)
 .text.libgcc.fmul
                0x0000000000000000        0x0 /usr/lib/gcc/avr/5.4.0/avr5/libgcc.a(_epilogue.o)
 .text.libgcc.fixed
                0x0000000000000000        0x0 /usr/lib/gcc/avr/5.4.0/avr5/libgcc.a(_epilogue.o)

Memory Configuration

Name             Origin             Length             Attributes
text             0x0000000000000000 0x0000000000010000 xr
data             0x0000000000800100 0x0000000000001000 rw !x
eeprom           0x0000000000810000 0x0000000000000800 rw !x
fuse             0x0000000000820000 0x0000000000000003 rw !x
lock             0x0000000000830000 0x0000000000000400 rw !x
signature        0x0000000000840000 0x0000000000000400 rw !x
user_signatures  0x0000000000850000 0x0000000000000400 rw !x
*default*        0x0000000000000000 0xffffffffffffffff

Linker script and memory map

Address of section .data set to 0x800100
LOAD /usr/lib/gcc/avr/5.4.0/../../../avr/lib/avr5/crtat90usb647.o
LOAD obj/KeyboardHost.o
LOAD obj/ConfigDescriptor.o
LOAD obj/inout.o
LOAD obj/HIDParser.o
LOAD obj/Device_AVR8.o
LOAD obj/EndpointStream_AVR8.o
LOAD obj/Endpoint_AVR8.o
LOAD obj/Host_AVR8.o
LOAD obj/PipeStream_AVR8.o
LOAD obj/Pipe_AVR8.o
LOAD obj/USBController_AVR8.o
LOAD obj/USBInterrupt_AVR8.o
LOAD obj/ConfigDescriptors.o
LOAD obj/DeviceStandardReq.o
LOAD obj/Events.o
LOAD obj/HostStandardReq.o
LOAD obj/USBTask.o
LOAD obj/Serial_AVR8.o
LOAD /usr/lib/gcc/avr/5.4.0/../../../avr/lib/avr5/libm.a
START GROUP
LOAD /usr/lib/gcc/avr/5.4.0/avr5/libgcc.a
LOAD /usr/lib/gcc/avr/5.4.0/../../../avr/lib/avr5/libm.a
LOAD /usr/lib/gcc/avr/5.4.0/../../../avr/lib/avr5/libc.a
LOAD /usr/lib/gcc/avr/5.4.0/../../../avr/lib/avr5/libat90usb647.a
END GROUP
                0x0000000000000000                __TEXT_REGION_ORIGIN__ = DEFINED (__TEXT_REGION_ORIGIN__)?__TEXT_REGION_ORIGIN__:0x0
                [0x0000000000800100]                __DATA_REGION_ORIGIN__ = DEFINED (__DATA_REGION_ORIGIN__)?__DATA_REGION_ORIGIN__:0x800060
                [0x0000000000010000]                __TEXT_REGION_LENGTH__ = DEFINED (__TEXT_REGION_LENGTH__)?__TEXT_REGION_LENGTH__:0x20000
                [0x0000000000001000]                __DATA_REGION_LENGTH__ = DEFINED (__DATA_REGION_LENGTH__)?__DATA_REGION_LENGTH__:0xffa0
                [0x0000000000000800]                __EEPROM_REGION_LENGTH__ = DEFINED (__EEPROM_REGION_LENGTH__)?__EEPROM_REGION_LENGTH__:0x10000
                [0x0000000000000003]                __FUSE_REGION_LENGTH__ = DEFINED (__FUSE_REGION_LENGTH__)?__FUSE_REGION_LENGTH__:0x400
                0x0000000000000400                __LOCK_REGION_LENGTH__ = DEFINED (__LOCK_REGION_LENGTH__)?__LOCK_REGION_LENGTH__:0x400
                0x0000000000000400                __SIGNATURE_REGION_LENGTH__ = DEFINED (__SIGNATURE_REGION_LENGTH__)?__SIGNATURE_REGION_LENGTH__:0x400
                0x0000000000000400                __USER_SIGNATURE_REGION_LENGTH__ = DEFINED (__USER_SIGNATURE_REGION_LENGTH__)?__USER_SIGNATURE_REGION_LENGTH__:0x400

.hash
 *(.hash)

.dynsym
 *(.dynsym)

.dynstr
 *(.dynstr)

.gnu.version
 *(.gnu.version)

.gnu.version_d
 *(.gnu.version_d)

.gnu.version_r
 *(.gnu.version_r)

.rel.init
 *(.rel.init)

.rela.init
 *(.rela.init)

.rel.text
 *(.rel.text)
 *(.rel.text.*)
 *(.rel.gnu.linkonce.t*)

.rela.text
 *(.rela.text)
 *(.rela.text.*)
 *(.rela.gnu.linkonce.t*)

.rel.fini
 *(.rel.fini)

.rela.fini
 *(.rela.fini)

.rel.rodata
 *(.rel.rodata)
 *(.rel.rodata.*)
 *(.rel.gnu.linkonce.r*)

.rela.rodata
 *(.rela.rodata)
 *(.rela.rodata.*)
 *(.rela.gnu.linkonce.r*)

.rel.data
 *(.rel.data)
 *(.rel.data.*)
 *(.rel.gnu.linkonce.d*)

.rela.data
 *(.rela.data)
 *(.rela.data.*)
 *(.rela.gnu.linkonce.d*)

.rel.ctors
 *(.rel.ctors)

.rela.ctors
 *(.rela.ctors)

.rel.dtors
 *(.rel.dtors)

.rela.dtors
 *(.rela.dtors)

.rel.got
 *(.rel.got)

.rela.got
 *(.rela.got)

.rel.bss
 *(.rel.bss)

.rela.bss
 *(.rela.bss)

.rel.plt
 *(.rel.plt)

.rela.plt
 *(.rela.plt)

.text           0x0000000000000000     0x1d70
 *(.vectors)
 .vectors       0x0000000000000000       0x98 /usr/lib/gcc/avr/5.4.0/../../../avr/lib/avr5/crtat90usb647.o
                0x0000000000000000                __vectors
                0x0000000000000000                __vector_default
 *(.vectors)
 *(.progmem.gcc*)
                0x0000000000000098                . = ALIGN (0x2)
                0x0000000000000098                __trampolines_start = .
 *(.trampolines)
 .trampolines   0x0000000000000098        0x0 linker stubs
 *(.trampolines*)
                0x0000000000000098                __trampolines_end = .
 *libprintf_flt.a:*(.progmem.data)
 *libc.a:*(.progmem.data)
 *(.progmem*)
 .progmem.data  0x0000000000000098      0x1cb obj/KeyboardHost.o
                0x0000000000000264                . = ALIGN (0x2)
 *fill*         0x0000000000000263        0x1 
 *(.jumptables)
 *(.jumptables*)
 *(.lowtext)
 *(.lowtext*)
                0x0000000000000264                __ctors_start = .
 *(.ctors)
                0x0000000000000264                __ctors_end = .
                0x0000000000000264                __dtors_start = .
 *(.dtors)
                0x0000000000000264                __dtors_end = .
 SORT(*)(.ctors)
 SORT(*)(.dtors)
 *(.init0)
 .init0         0x0000000000000264        0x0 /usr/lib/gcc/avr/5.4.0/../../../avr/lib/avr5/crtat90usb647.o
                0x0000000000000264                __init
 *(.init0)
 *(.init1)
 *(.init1)
 *(.init2)
 .init2         0x0000000000000264        0xc /usr/lib/gcc/avr/5.4.0/../../../avr/lib/avr5/crtat90usb647.o
 *(.init2)
 *(.init3)
 *(.init3)
 *(.init4)
 .init4         0x0000000000000270       0x16 /usr/lib/gcc/avr/5.4.0/avr5/libgcc.a(_copy_data.o)
                0x0000000000000270                __do_copy_data
 .init4         0x0000000000000286       0x10 /usr/lib/gcc/avr/5.4.0/avr5/libgcc.a(_clear_bss.o)
                0x0000000000000286                __do_clear_bss
 *(.init4)
 *(.init5)
 *(.init5)
 *(.init6)
 *(.init6)
 *(.init7)
 *(.init7)
 *(.init8)
 *(.init8)
 *(.init9)
 .init9         0x0000000000000296        0x6 /usr/lib/gcc/avr/5.4.0/../../../avr/lib/avr5/crtat90usb647.o
 *(.init9)
 *(.text)
 .text          0x000000000000029c        0x2 /usr/lib/gcc/avr/5.4.0/../../../avr/lib/avr5/crtat90usb647.o
                0x000000000000029c                __vector_22
                0x000000000000029c                __vector_28
                0x000000000000029c                __vector_1
                0x000000000000029c                __vector_32
                0x000000000000029c                __vector_34
                0x000000000000029c                __vector_12
                0x000000000000029c                __bad_interrupt
                0x000000000000029c                __vector_6
                0x000000000000029c                __vector_31
                0x000000000000029c                __vector_35
                0x000000000000029c                __vector_3
                0x000000000000029c                __vector_23
                0x000000000000029c                __vector_30
                0x000000000000029c                __vector_25
                0x000000000000029c                __vector_11
                0x000000000000029c                __vector_13
                0x000000000000029c                __vector_17
                0x000000000000029c                __vector_19
                0x000000000000029c                __vector_7
                0x000000000000029c                __vector_27
                0x000000000000029c                __vector_5
                0x000000000000029c                __vector_33
                0x000000000000029c                __vector_37
                0x000000000000029c                __vector_4
                0x000000000000029c                __vector_9
                0x000000000000029c                __vector_2
                0x000000000000029c                __vector_21
                0x000000000000029c                __vector_15
                0x000000000000029c                __vector_36
                0x000000000000029c                __vector_29
                0x000000000000029c                __vector_8
                0x000000000000029c                __vector_26
                0x000000000000029c                __vector_14
                0x000000000000029c                __vector_16
                0x000000000000029c                __vector_18
                0x000000000000029c                __vector_20
                0x000000000000029e                . = ALIGN (0x2)
 *(.text.*)
 .text.LEDs_SetAllLEDs
                0x000000000000029e        0xa obj/KeyboardHost.o
 .text.SetupHardware
                0x00000000000002a8       0x58 obj/KeyboardHost.o
                0x00000000000002a8                SetupHardware
 .text.EVENT_USB_Host_DeviceAttached
                0x0000000000000300        0xc obj/KeyboardHost.o
                0x0000000000000300                EVENT_USB_Host_DeviceAttached
 .text.EVENT_USB_Host_DeviceUnattached
                0x000000000000030c        0xc obj/KeyboardHost.o
                0x000000000000030c                EVENT_USB_Host_DeviceUnattached
 .text.EVENT_USB_Host_DeviceEnumerationComplete
                0x0000000000000318       0xa8 obj/KeyboardHost.o
                0x0000000000000318                EVENT_USB_Host_DeviceEnumerationComplete
 .text.EVENT_USB_Host_HostError
                0x00000000000003c0       0x22 obj/KeyboardHost.o
                0x00000000000003c0                EVENT_USB_Host_HostError
 .text.EVENT_USB_Host_DeviceEnumerationFailed
                0x00000000000003e2       0x30 obj/KeyboardHost.o
                0x00000000000003e2                EVENT_USB_Host_DeviceEnumerationFailed
 .text.lowerKey
                0x0000000000000412       0xc6 obj/KeyboardHost.o
                0x0000000000000412                lowerKey
 .text.processKeyDown
                0x00000000000004d8      0x18c obj/KeyboardHost.o
                0x00000000000004d8                processKeyDown
 .text.KeyboardHost_Task
                0x0000000000000664       0x7e obj/KeyboardHost.o
                0x0000000000000664                KeyboardHost_Task
 .text.startup.main
                0x00000000000006e2        0xa obj/KeyboardHost.o
                0x00000000000006e2                main
 .text.DComp_NextKeyboardInterface
                0x00000000000006ec       0x1c obj/ConfigDescriptor.o
                0x00000000000006ec                DComp_NextKeyboardInterface
 .text.DComp_NextKeyboardInterfaceDataEndpoint
                0x0000000000000708       0x18 obj/ConfigDescriptor.o
                0x0000000000000708                DComp_NextKeyboardInterfaceDataEndpoint
 .text.ProcessConfigurationDescriptor
                0x0000000000000720       0xf8 obj/ConfigDescriptor.o
                0x0000000000000720                ProcessConfigurationDescriptor
 .text.initSPISlave
                0x0000000000000818       0x1e obj/inout.o
                0x0000000000000818                initSPISlave
 .text.initIO   0x0000000000000836       0x52 obj/inout.o
                0x0000000000000836                initIO
 .text.isFull   0x0000000000000888       0x26 obj/inout.o
                0x0000000000000888                isFull
 .text.sizeBuffer
                0x00000000000008ae       0x28 obj/inout.o
                0x00000000000008ae                sizeBuffer
 .text.dequeue  0x00000000000008d6       0x54 obj/inout.o
                0x00000000000008d6                dequeue
 .text.printLeds
                0x000000000000092a       0x5e obj/inout.o
                0x000000000000092a                printLeds
 .text.clearLeds
                0x0000000000000988       0x34 obj/inout.o
                0x0000000000000988                clearLeds
 .text.spiAnswer
                0x00000000000009bc       0x54 obj/inout.o
                0x00000000000009bc                spiAnswer
 .text.enqueue  0x0000000000000a10       0x7a obj/inout.o
                0x0000000000000a10                enqueue
 .text.keyHandler
                0x0000000000000a8a        0x6 obj/inout.o
                0x0000000000000a8a                keyHandler
 .text.__vector_24
                0x0000000000000a90       0x66 obj/inout.o
                0x0000000000000a90                __vector_24
 .text.USB_Host_ResetDevice
                0x0000000000000af6       0xa2 obj/Host_AVR8.o
 .text.USB_Host_WaitMS
                0x0000000000000b98       0x9a obj/Host_AVR8.o
                0x0000000000000b98                USB_Host_WaitMS
 .text.USB_Host_ProcessNextHostState
                0x0000000000000c32      0x244 obj/Host_AVR8.o
                0x0000000000000c32                USB_Host_ProcessNextHostState
 .text.Pipe_Read_Stream_LE
                0x0000000000000e76       0x9e obj/PipeStream_AVR8.o
                0x0000000000000e76                Pipe_Read_Stream_LE
 .text.Pipe_ConfigurePipe
                0x0000000000000f14       0xd0 obj/Pipe_AVR8.o
                0x0000000000000f14                Pipe_ConfigurePipe
 .text.Pipe_ClearPipes
                0x0000000000000fe4       0x28 obj/Pipe_AVR8.o
                0x0000000000000fe4                Pipe_ClearPipes
 .text.Pipe_WaitUntilReady
                0x000000000000100c       0x5c obj/Pipe_AVR8.o
                0x000000000000100c                Pipe_WaitUntilReady
 .text.USB_Disable
                0x0000000000001068       0x30 obj/USBController_AVR8.o
                0x0000000000001068                USB_Disable
 .text.USB_ResetInterface
                0x0000000000001098       0xa0 obj/USBController_AVR8.o
                0x0000000000001098                USB_ResetInterface
 .text.USB_Init
                0x0000000000001138       0x1c obj/USBController_AVR8.o
                0x0000000000001138                USB_Init
 .text.USB_INT_DisableAllInterrupts
                0x0000000000001154       0x10 obj/USBInterrupt_AVR8.o
                0x0000000000001154                USB_INT_DisableAllInterrupts
 .text.USB_INT_ClearAllInterrupts
                0x0000000000001164        0xa obj/USBInterrupt_AVR8.o
                0x0000000000001164                USB_INT_ClearAllInterrupts
 .text.__vector_10
                0x000000000000116e      0x11e obj/USBInterrupt_AVR8.o
                0x000000000000116e                __vector_10
 .text.USB_GetNextDescriptor
                0x000000000000128c       0x3c obj/ConfigDescriptors.o
 .text.USB_Host_GetDeviceConfigDescriptor
                0x00000000000012c8       0xb2 obj/ConfigDescriptors.o
                0x00000000000012c8                USB_Host_GetDeviceConfigDescriptor
 .text.USB_GetNextDescriptorComp
                0x000000000000137a       0x64 obj/ConfigDescriptors.o
                0x000000000000137a                USB_GetNextDescriptorComp
 .text.USB_Event_Stub
                0x00000000000013de        0x2 obj/Events.o
                0x00000000000013de                USB_Event_Stub
                0x00000000000013de                EVENT_USB_Host_StartOfFrame
 .text.USB_Host_WaitForIOS
                0x00000000000013e0       0x4c obj/HostStandardReq.o
 .text.USB_Host_SendControlRequest
                0x000000000000142c      0x1ee obj/HostStandardReq.o
                0x000000000000142c                USB_Host_SendControlRequest
 .text.USB_Host_SetDeviceConfiguration
                0x000000000000161a       0x4e obj/HostStandardReq.o
                0x000000000000161a                USB_Host_SetDeviceConfiguration
 .text.USB_USBTask
                0x0000000000001668       0x2a obj/USBTask.o
                0x0000000000001668                USB_USBTask
 .text.Serial_putchar
                0x0000000000001692       0x12 obj/Serial_AVR8.o
                0x0000000000001692                Serial_putchar
 .text.Serial_getchar
                0x00000000000016a4       0x24 obj/Serial_AVR8.o
                0x00000000000016a4                Serial_getchar
 .text.Serial_CreateStream
                0x00000000000016c8       0x3c obj/Serial_AVR8.o
                0x00000000000016c8                Serial_CreateStream
 .text.libgcc.div
                0x0000000000001704       0x26 /usr/lib/gcc/avr/5.4.0/avr5/libgcc.a(_divmodhi4.o)
                0x0000000000001704                __divmodhi4
                0x0000000000001704                _div
 .text.libgcc.div
                0x000000000000172a       0x28 /usr/lib/gcc/avr/5.4.0/avr5/libgcc.a(_udivmodhi4.o)
                0x000000000000172a                __udivmodhi4
 .text.avr-libc
                0x0000000000001752       0x46 /usr/lib/gcc/avr/5.4.0/../../../avr/lib/avr5/libc.a(printf_p.o)
                0x0000000000001752                printf_P
 .text.avr-libc
                0x0000000000001798       0x62 /usr/lib/gcc/avr/5.4.0/../../../avr/lib/avr5/libc.a(puts_p.o)
                0x0000000000001798                puts_P
 .text.avr-libc
                0x00000000000017fa      0x3a4 /usr/lib/gcc/avr/5.4.0/../../../avr/lib/avr5/libc.a(vfprintf_std.o)
                0x00000000000017fa                vfprintf
 .text.avr-libc
                0x0000000000001b9e       0x16 /usr/lib/gcc/avr/5.4.0/../../../avr/lib/avr5/libc.a(strnlen_P.o)
                0x0000000000001b9e                strnlen_P
 .text.avr-libc
                0x0000000000001bb4       0x16 /usr/lib/gcc/avr/5.4.0/../../../avr/lib/avr5/libc.a(strnlen.o)
                0x0000000000001bb4                strnlen
 .text.avr-libc
                0x0000000000001bca       0x78 /usr/lib/gcc/avr/5.4.0/../../../avr/lib/avr5/libc.a(fputc.o)
                0x0000000000001bca                fputc
 .text.avr-libc
                0x0000000000001c42       0xbc /usr/lib/gcc/avr/5.4.0/../../../avr/lib/avr5/libc.a(ultoa_invert.o)
                0x0000000000001c42                __ultoa_invert
 .text.libgcc.prologue
                0x0000000000001cfe       0x38 /usr/lib/gcc/avr/5.4.0/avr5/libgcc.a(_prologue.o)
                0x0000000000001cfe                __prologue_saves__
 .text.libgcc.prologue
                0x0000000000001d36       0x36 /usr/lib/gcc/avr/5.4.0/avr5/libgcc.a(_epilogue.o)
                0x0000000000001d36                __epilogue_restores__
                0x0000000000001d6c                . = ALIGN (0x2)
 *(.fini9)
 .fini9         0x0000000000001d6c        0x0 /usr/lib/gcc/avr/5.4.0/avr5/libgcc.a(_exit.o)
                0x0000000000001d6c                exit
                0x0000000000001d6c                _exit
 *(.fini9)
 *(.fini8)
 *(.fini8)
 *(.fini7)
 *(.fini7)
 *(.fini6)
 *(.fini6)
 *(.fini5)
 *(.fini5)
 *(.fini4)
 *(.fini4)
 *(.fini3)
 *(.fini3)
 *(.fini2)
 *(.fini2)
 *(.fini1)
 *(.fini1)
 *(.fini0)
 .fini0         0x0000000000001d6c        0x4 /usr/lib/gcc/avr/5.4.0/avr5/libgcc.a(_exit.o)
 *(.fini0)
                0x0000000000001d70                _etext = .

.data           0x0000000000800100       0x22 load address 0x0000000000001d70
                0x0000000000800100                PROVIDE (__data_start, .)
 *(.data)
 .data          0x0000000000800100        0x8 obj/inout.o
                0x0000000000800100                leds
 .data          0x0000000000800108        0x1 obj/Pipe_AVR8.o
                0x0000000000800108                USB_Host_ControlPipeSize
 *(.data*)
 *(.gnu.linkonce.d*)
 *(.rodata)
 .rodata        0x0000000000800109        0x8 obj/KeyboardHost.o
 .rodata        0x0000000000800111       0x10 obj/Host_AVR8.o
 *(.rodata*)
 *(.gnu.linkonce.r*)
                0x0000000000800122                . = ALIGN (0x2)
 *fill*         0x0000000000800121        0x1 
                0x0000000000800122                _edata = .
                0x0000000000800122                PROVIDE (__data_end, .)

.bss            0x0000000000800122      0x12f
                0x0000000000800122                PROVIDE (__bss_start, .)
 *(.bss)
 .bss           0x0000000000800122        0x4 obj/KeyboardHost.o
                0x0000000000800122                shiftKey
                0x0000000000800124                upper
 .bss           0x0000000000800126        0x6 obj/inout.o
                0x0000000000800126                spiRequest
                0x0000000000800128                isEnqueuing
                0x000000000080012a                sizeSendFlag
 .bss           0x000000000080012c        0x3 obj/Host_AVR8.o
 *(.bss*)
 *(COMMON)
 COMMON         0x000000000080012f      0x103 obj/inout.o
                0x000000000080012f                buffer
 COMMON         0x0000000000800232        0x1 obj/HostStandardReq.o
                0x0000000000800232                USB_Host_ConfigurationNumber
 COMMON         0x0000000000800233        0xa obj/USBTask.o
                0x0000000000800233                USB_IsInitialized
                0x0000000000800234                USB_ControlRequest
                0x000000000080023c                USB_HostState
 COMMON         0x000000000080023d        0xe obj/Serial_AVR8.o
                0x000000000080023d                USARTSerialStream
 COMMON         0x000000000080024b        0x6 /usr/lib/gcc/avr/5.4.0/../../../avr/lib/avr5/libc.a(iob.o)
                0x000000000080024b                __iob
                0x0000000000800251                PROVIDE (__bss_end, .)
                0x0000000000001d70                __data_load_start = LOADADDR (.data)
                0x0000000000001d92                __data_load_end = (__data_load_start + SIZEOF (.data))

.noinit         0x0000000000800251        0x0
                [!provide]                        PROVIDE (__noinit_start, .)
 *(.noinit*)
                [!provide]                        PROVIDE (__noinit_end, .)
                0x0000000000800251                _end = .
                [!provide]                        PROVIDE (__heap_start, .)

.eeprom         0x0000000000810000        0x0
 *(.eeprom*)
                0x0000000000810000                __eeprom_end = .

.fuse
 *(.fuse)
 *(.lfuse)
 *(.hfuse)
 *(.efuse)

.lock
 *(.lock*)

.signature
 *(.signature*)

.user_signatures
 *(.user_signatures*)

.stab
 *(.stab)

.stabstr
 *(.stabstr)

.stab.excl
 *(.stab.excl)

.stab.exclstr
 *(.stab.exclstr)

.stab.index
 *(.stab.index)

.stab.indexstr
 *(.stab.indexstr)

.comment        0x0000000000000000       0x11
 *(.comment)
 .comment       0x0000000000000000       0x11 obj/KeyboardHost.o
                                         0x12 (size before relaxing)
 .comment       0x0000000000000011       0x12 obj/ConfigDescriptor.o
 .comment       0x0000000000000011       0x12 obj/inout.o
 .comment       0x0000000000000011       0x12 obj/Host_AVR8.o
 .comment       0x0000000000000011       0x12 obj/PipeStream_AVR8.o
 .comment       0x0000000000000011       0x12 obj/Pipe_AVR8.o
 .comment       0x0000000000000011       0x12 obj/USBController_AVR8.o
 .comment       0x0000000000000011       0x12 obj/USBInterrupt_AVR8.o
 .comment       0x0000000000000011       0x12 obj/ConfigDescriptors.o
 .comment       0x0000000000000011       0x12 obj/Events.o
 .comment       0x0000000000000011       0x12 obj/HostStandardReq.o
 .comment       0x0000000000000011       0x12 obj/USBTask.o
 .comment       0x0000000000000011       0x12 obj/Serial_AVR8.o
 .comment       0x0000000000000011       0x12 /usr/lib/gcc/avr/5.4.0/../../../avr/lib/avr5/libc.a(iob.o)
 .comment       0x0000000000000011       0x12 /usr/lib/gcc/avr/5.4.0/../../../avr/lib/avr5/libc.a(printf_p.o)
 .comment       0x0000000000000011       0x12 /usr/lib/gcc/avr/5.4.0/../../../avr/lib/avr5/libc.a(puts_p.o)
 .comment       0x0000000000000011       0x12 /usr/lib/gcc/avr/5.4.0/../../../avr/lib/avr5/libc.a(vfprintf_std.o)
 .comment       0x0000000000000011       0x12 /usr/lib/gcc/avr/5.4.0/../../../avr/lib/avr5/libc.a(fputc.o)

.note.gnu.avr.deviceinfo
                0x0000000000000000       0x40
 .note.gnu.avr.deviceinfo
                0x0000000000000000       0x40 /usr/lib/gcc/avr/5.4.0/../../../avr/lib/avr5/crtat90usb647.o

.note.gnu.build-id
 *(.note.gnu.build-id)

.debug
 *(.debug)

.line
 *(.line)

.debug_srcinfo
 *(.debug_srcinfo)

.debug_sfnames
 *(.debug_sfnames)

.debug_aranges  0x0000000000000000      0x3d0
 *(.debug_aranges)
 .debug_aranges
                0x0000000000000000       0x78 obj/KeyboardHost.o
 .debug_aranges
                0x0000000000000078       0x30 obj/ConfigDescriptor.o
 .debug_aranges
                0x00000000000000a8       0x90 obj/inout.o
 .debug_aranges
                0x0000000000000138       0x30 obj/Host_AVR8.o
 .debug_aranges
                0x0000000000000168       0x78 obj/PipeStream_AVR8.o
 .debug_aranges
                0x00000000000001e0       0x40 obj/Pipe_AVR8.o
 .debug_aranges
                0x0000000000000220       0x30 obj/USBController_AVR8.o
 .debug_aranges
                0x0000000000000250       0x30 obj/USBInterrupt_AVR8.o
 .debug_aranges
                0x0000000000000280       0x48 obj/ConfigDescriptors.o
 .debug_aranges
                0x00000000000002c8       0x30 obj/Events.o
 .debug_aranges
                0x00000000000002f8       0x60 obj/HostStandardReq.o
 .debug_aranges
                0x0000000000000358       0x20 obj/USBTask.o
 .debug_aranges
                0x0000000000000378       0x58 obj/Serial_AVR8.o

.debug_pubnames
 *(.debug_pubnames)

.debug_info     0x0000000000000000     0x6164
 *(.debug_info .gnu.linkonce.wi.*)
 .debug_info    0x0000000000000000      0xb70 /usr/lib/gcc/avr/5.4.0/../../../avr/lib/avr5/crtat90usb647.o
 .debug_info    0x0000000000000b70      0x9dc obj/KeyboardHost.o
 .debug_info    0x000000000000154c      0x53f obj/ConfigDescriptor.o
 .debug_info    0x0000000000001a8b      0x5cd obj/inout.o
 .debug_info    0x0000000000002058      0xb48 obj/Host_AVR8.o
 .debug_info    0x0000000000002ba0      0xc81 obj/PipeStream_AVR8.o
 .debug_info    0x0000000000003821      0x669 obj/Pipe_AVR8.o
 .debug_info    0x0000000000003e8a      0x426 obj/USBController_AVR8.o
 .debug_info    0x00000000000042b0      0x554 obj/USBInterrupt_AVR8.o
 .debug_info    0x0000000000004804      0x6c2 obj/ConfigDescriptors.o
 .debug_info    0x0000000000004ec6       0xde obj/Events.o
 .debug_info    0x0000000000004fa4      0xafb obj/HostStandardReq.o
 .debug_info    0x0000000000005a9f      0x21b obj/USBTask.o
 .debug_info    0x0000000000005cba      0x4aa obj/Serial_AVR8.o

.debug_abbrev   0x0000000000000000     0x24af
 *(.debug_abbrev)
 .debug_abbrev  0x0000000000000000      0xad2 /usr/lib/gcc/avr/5.4.0/../../../avr/lib/avr5/crtat90usb647.o
 .debug_abbrev  0x0000000000000ad2      0x373 obj/KeyboardHost.o
 .debug_abbrev  0x0000000000000e45      0x1c5 obj/ConfigDescriptor.o
 .debug_abbrev  0x000000000000100a      0x27e obj/inout.o
 .debug_abbrev  0x0000000000001288      0x2dd obj/Host_AVR8.o
 .debug_abbrev  0x0000000000001565      0x180 obj/PipeStream_AVR8.o
 .debug_abbrev  0x00000000000016e5      0x266 obj/Pipe_AVR8.o
 .debug_abbrev  0x000000000000194b      0x15e obj/USBController_AVR8.o
 .debug_abbrev  0x0000000000001aa9      0x162 obj/USBInterrupt_AVR8.o
 .debug_abbrev  0x0000000000001c0b      0x21d obj/ConfigDescriptors.o
 .debug_abbrev  0x0000000000001e28       0x99 obj/Events.o
 .debug_abbrev  0x0000000000001ec1      0x2d1 obj/HostStandardReq.o
 .debug_abbrev  0x0000000000002192      0x136 obj/USBTask.o
 .debug_abbrev  0x00000000000022c8      0x1e7 obj/Serial_AVR8.o

.debug_line     0x0000000000000000     0x32f7
 *(.debug_line .debug_line.* .debug_line_end)
 .debug_line    0x0000000000000000       0x1a /usr/lib/gcc/avr/5.4.0/../../../avr/lib/avr5/crtat90usb647.o
 .debug_line    0x000000000000001a      0x73c obj/KeyboardHost.o
 .debug_line    0x0000000000000756      0x257 obj/ConfigDescriptor.o
 .debug_line    0x00000000000009ad      0x3b2 obj/inout.o
 .debug_line    0x0000000000000d5f      0x628 obj/Host_AVR8.o
 .debug_line    0x0000000000001387      0x93e obj/PipeStream_AVR8.o
 .debug_line    0x0000000000001cc5      0x440 obj/Pipe_AVR8.o
 .debug_line    0x0000000000002105      0x2e4 obj/USBController_AVR8.o
 .debug_line    0x00000000000023e9      0x348 obj/USBInterrupt_AVR8.o
 .debug_line    0x0000000000002731      0x292 obj/ConfigDescriptors.o
 .debug_line    0x00000000000029c3       0x8d obj/Events.o
 .debug_line    0x0000000000002a50      0x4ea obj/HostStandardReq.o
 .debug_line    0x0000000000002f3a      0x13c obj/USBTask.o
 .debug_line    0x0000000000003076      0x281 obj/Serial_AVR8.o

.debug_frame    0x0000000000000000      0xab8
 *(.debug_frame)
 .debug_frame   0x0000000000000000      0x144 obj/KeyboardHost.o
 .debug_frame   0x0000000000000144       0x74 obj/ConfigDescriptor.o
 .debug_frame   0x00000000000001b8      0x188 obj/inout.o
 .debug_frame   0x0000000000000340       0x60 obj/Host_AVR8.o
 .debug_frame   0x00000000000003a0      0x2a4 obj/PipeStream_AVR8.o
 .debug_frame   0x0000000000000644       0x88 obj/Pipe_AVR8.o
 .debug_frame   0x00000000000006cc       0x44 obj/USBController_AVR8.o
 .debug_frame   0x0000000000000710       0x8c obj/USBInterrupt_AVR8.o
 .debug_frame   0x000000000000079c      0x13c obj/ConfigDescriptors.o
 .debug_frame   0x00000000000008d8       0x44 obj/Events.o
 .debug_frame   0x000000000000091c       0xd8 obj/HostStandardReq.o
 .debug_frame   0x00000000000009f4       0x30 obj/USBTask.o
 .debug_frame   0x0000000000000a24       0x94 obj/Serial_AVR8.o

.debug_str      0x0000000000000000     0x25ee
 *(.debug_str)
 .debug_str     0x0000000000000000      0x3f7 /usr/lib/gcc/avr/5.4.0/../../../avr/lib/avr5/crtat90usb647.o
 .debug_str     0x00000000000003f7      0x91a obj/KeyboardHost.o
                                        0x972 (size before relaxing)
 .debug_str     0x0000000000000d11      0x53e obj/ConfigDescriptor.o
                                        0x7f0 (size before relaxing)
 .debug_str     0x000000000000124f       0xce obj/inout.o
                                        0x299 (size before relaxing)
 .debug_str     0x000000000000131d      0x59e obj/Host_AVR8.o
                                        0xb66 (size before relaxing)
 .debug_str     0x00000000000018bb      0x278 obj/PipeStream_AVR8.o
                                        0x485 (size before relaxing)
 .debug_str     0x0000000000001b33      0x27c obj/Pipe_AVR8.o
                                        0x63e (size before relaxing)
 .debug_str     0x0000000000001daf      0x171 obj/USBController_AVR8.o
                                        0x5d3 (size before relaxing)
 .debug_str     0x0000000000001f20       0x87 obj/USBInterrupt_AVR8.o
                                        0x60a (size before relaxing)
 .debug_str     0x0000000000001fa7      0x1e5 obj/ConfigDescriptors.o
                                        0x8b2 (size before relaxing)
 .debug_str     0x000000000000218c       0x50 obj/Events.o
                                        0x1dd (size before relaxing)
 .debug_str     0x00000000000021dc      0x281 obj/HostStandardReq.o
                                        0x9d0 (size before relaxing)
 .debug_str     0x000000000000245d       0x36 obj/USBTask.o
                                        0x2bc (size before relaxing)
 .debug_str     0x0000000000002493      0x15b obj/Serial_AVR8.o
                                        0x349 (size before relaxing)

.debug_loc      0x0000000000000000     0x3d6b
 *(.debug_loc)
 .debug_loc     0x0000000000000000      0x72b obj/KeyboardHost.o
 .debug_loc     0x000000000000072b      0x1c1 obj/ConfigDescriptor.o
 .debug_loc     0x00000000000008ec      0x3fb obj/inout.o
 .debug_loc     0x0000000000000ce7      0x444 obj/Host_AVR8.o
 .debug_loc     0x000000000000112b     0x15ca obj/PipeStream_AVR8.o
 .debug_loc     0x00000000000026f5      0x481 obj/Pipe_AVR8.o
 .debug_loc     0x0000000000002b76       0x28 obj/USBController_AVR8.o
 .debug_loc     0x0000000000002b9e      0x247 obj/USBInterrupt_AVR8.o
 .debug_loc     0x0000000000002de5      0x729 obj/ConfigDescriptors.o
 .debug_loc     0x000000000000350e      0x5fc obj/HostStandardReq.o
 .debug_loc     0x0000000000003b0a       0x43 obj/USBTask.o
 .debug_loc     0x0000000000003b4d      0x21e obj/Serial_AVR8.o

.debug_macinfo
 *(.debug_macinfo)

.debug_weaknames
 *(.debug_weaknames)

.debug_funcnames
 *(.debug_funcnames)

.debug_typenames
 *(.debug_typenames)

.debug_varnames
 *(.debug_varnames)

.debug_pubtypes
 *(.debug_pubtypes)

.debug_ranges   0x0000000000000000      0x3d8
 *(.debug_ranges)
 .debug_ranges  0x0000000000000000       0x68 obj/KeyboardHost.o
 .debug_ranges  0x0000000000000068       0x38 obj/ConfigDescriptor.o
 .debug_ranges  0x00000000000000a0       0xb0 obj/inout.o
 .debug_ranges  0x0000000000000150       0x20 obj/Host_AVR8.o
 .debug_ranges  0x0000000000000170       0x68 obj/PipeStream_AVR8.o
 .debug_ranges  0x00000000000001d8       0xa8 obj/Pipe_AVR8.o
 .debug_ranges  0x0000000000000280       0x20 obj/USBController_AVR8.o
 .debug_ranges  0x00000000000002a0       0x20 obj/USBInterrupt_AVR8.o
 .debug_ranges  0x00000000000002c0       0x38 obj/ConfigDescriptors.o
 .debug_ranges  0x00000000000002f8       0x20 obj/Events.o
 .debug_ranges  0x0000000000000318       0x50 obj/HostStandardReq.o
 .debug_ranges  0x0000000000000368       0x10 obj/USBTask.o
 .debug_ranges  0x0000000000000378       0x60 obj/Serial_AVR8.o

.debug_macro
 *(.debug_macro)
OUTPUT(KeyboardHost.elf elf32-avr)
LOAD linker stubs

Cross Reference Table

Symbol                                            File
CALLBACK_HIDParser_FilterHIDReportItem            obj/HIDParser.o
DComp_NextKeyboardInterface                       obj/ConfigDescriptor.o
DComp_NextKeyboardInterfaceDataEndpoint           obj/ConfigDescriptor.o
EVENT_USB_Host_DeviceAttached                     obj/KeyboardHost.o
                                                  obj/USBInterrupt_AVR8.o
EVENT_USB_Host_DeviceEnumerationComplete          obj/KeyboardHost.o
                                                  obj/Host_AVR8.o
EVENT_USB_Host_DeviceEnumerationFailed            obj/KeyboardHost.o
                                                  obj/USBInterrupt_AVR8.o
                                                  obj/Host_AVR8.o
EVENT_USB_Host_DeviceUnattached                   obj/KeyboardHost.o
                                                  obj/USBInterrupt_AVR8.o
                                                  obj/Host_AVR8.o
EVENT_USB_Host_HostError                          obj/KeyboardHost.o
                                                  obj/USBInterrupt_AVR8.o
EVENT_USB_Host_StartOfFrame                       obj/Events.o
                                                  obj/USBInterrupt_AVR8.o
KeyboardHost_Task                                 obj/KeyboardHost.o
Pipe_ClearPipes                                   obj/Pipe_AVR8.o
                                                  obj/Host_AVR8.o
Pipe_ConfigurePipe                                obj/Pipe_AVR8.o
                                                  obj/Host_AVR8.o
                                                  obj/ConfigDescriptor.o
Pipe_ConfigurePipeTable                           obj/Pipe_AVR8.o
Pipe_Discard_Stream                               obj/PipeStream_AVR8.o
Pipe_IsEndpointBound                              obj/Pipe_AVR8.o
Pipe_Null_Stream                                  obj/PipeStream_AVR8.o
Pipe_Read_EStream_BE                              obj/PipeStream_AVR8.o
Pipe_Read_EStream_LE                              obj/PipeStream_AVR8.o
Pipe_Read_Stream_BE                               obj/PipeStream_AVR8.o
Pipe_Read_Stream_LE                               obj/PipeStream_AVR8.o
                                                  obj/KeyboardHost.o
Pipe_WaitUntilReady                               obj/Pipe_AVR8.o
                                                  obj/PipeStream_AVR8.o
Pipe_Write_EStream_BE                             obj/PipeStream_AVR8.o
Pipe_Write_EStream_LE                             obj/PipeStream_AVR8.o
Pipe_Write_PStream_BE                             obj/PipeStream_AVR8.o
Pipe_Write_PStream_LE                             obj/PipeStream_AVR8.o
Pipe_Write_Stream_BE                              obj/PipeStream_AVR8.o
Pipe_Write_Stream_LE                              obj/PipeStream_AVR8.o
ProcessConfigurationDescriptor                    obj/ConfigDescriptor.o
                                                  obj/KeyboardHost.o
Serial_CreateBlockingStream                       obj/Serial_AVR8.o
Serial_CreateStream                               obj/Serial_AVR8.o
                                                  obj/KeyboardHost.o
Serial_SendData                                   obj/Serial_AVR8.o
Serial_SendString                                 obj/Serial_AVR8.o
Serial_SendString_P                               obj/Serial_AVR8.o
Serial_getchar                                    obj/Serial_AVR8.o
Serial_getchar_Blocking                           obj/Serial_AVR8.o
Serial_putchar                                    obj/Serial_AVR8.o
SetupHardware                                     obj/KeyboardHost.o
USARTSerialStream                                 obj/Serial_AVR8.o
USB_ControlRequest                                obj/USBTask.o
                                                  obj/HostStandardReq.o
                                                  obj/ConfigDescriptors.o
                                                  obj/Host_AVR8.o
                                                  obj/KeyboardHost.o
USB_Disable                                       obj/USBController_AVR8.o
                                                  obj/KeyboardHost.o
USB_Event_Stub                                    obj/Events.o
USB_Event_Stub_2                                  obj/Events.o
USB_Event_Stub_3                                  obj/Events.o
USB_GetHIDReportItemInfo                          obj/HIDParser.o
USB_GetHIDReportSize                              obj/HIDParser.o
USB_GetNextDescriptorComp                         obj/ConfigDescriptors.o
                                                  obj/ConfigDescriptor.o
USB_GetNextDescriptorOfType                       obj/ConfigDescriptors.o
USB_GetNextDescriptorOfTypeAfter                  obj/ConfigDescriptors.o
USB_GetNextDescriptorOfTypeBefore                 obj/ConfigDescriptors.o
USB_HostState                                     obj/USBTask.o
                                                  obj/HostStandardReq.o
                                                  obj/USBInterrupt_AVR8.o
                                                  obj/USBController_AVR8.o
                                                  obj/Pipe_AVR8.o
                                                  obj/Host_AVR8.o
                                                  obj/KeyboardHost.o
USB_Host_ClearEndpointStall                       obj/HostStandardReq.o
USB_Host_ConfigurationNumber                      obj/HostStandardReq.o
                                                  obj/USBController_AVR8.o
                                                  obj/Host_AVR8.o
USB_Host_ControlPipeSize                          obj/Pipe_AVR8.o
                                                  obj/HostStandardReq.o
                                                  obj/USBController_AVR8.o
                                                  obj/Host_AVR8.o
USB_Host_GetDescriptor                            obj/HostStandardReq.o
USB_Host_GetDeviceConfigDescriptor                obj/ConfigDescriptors.o
                                                  obj/ConfigDescriptor.o
USB_Host_GetDeviceConfiguration                   obj/HostStandardReq.o
USB_Host_GetDeviceStatus                          obj/HostStandardReq.o
USB_Host_GetInterfaceAltSetting                   obj/HostStandardReq.o
USB_Host_ProcessNextHostState                     obj/Host_AVR8.o
                                                  obj/USBTask.o
USB_Host_SendControlRequest                       obj/HostStandardReq.o
                                                  obj/ConfigDescriptors.o
                                                  obj/Host_AVR8.o
                                                  obj/KeyboardHost.o
USB_Host_SetDeviceConfiguration                   obj/HostStandardReq.o
                                                  obj/KeyboardHost.o
USB_Host_SetInterfaceAltSetting                   obj/HostStandardReq.o
USB_Host_WaitMS                                   obj/Host_AVR8.o
                                                  obj/HostStandardReq.o
USB_INT_ClearAllInterrupts                        obj/USBInterrupt_AVR8.o
                                                  obj/USBController_AVR8.o
USB_INT_DisableAllInterrupts                      obj/USBInterrupt_AVR8.o
                                                  obj/USBController_AVR8.o
USB_Init                                          obj/USBController_AVR8.o
                                                  obj/KeyboardHost.o
USB_IsInitialized                                 obj/USBTask.o
                                                  obj/USBController_AVR8.o
USB_ProcessHIDReport                              obj/HIDParser.o
USB_ResetInterface                                obj/USBController_AVR8.o
                                                  obj/USBInterrupt_AVR8.o
                                                  obj/Host_AVR8.o
USB_SetHIDReportItemInfo                          obj/HIDParser.o
USB_USBTask                                       obj/USBTask.o
                                                  obj/PipeStream_AVR8.o
                                                  obj/KeyboardHost.o
__DATA_REGION_LENGTH__                            /usr/lib/gcc/avr/5.4.0/../../../avr/lib/avr5/crtat90usb647.o
__DATA_REGION_ORIGIN__                            /usr/lib/gcc/avr/5.4.0/../../../avr/lib/avr5/crtat90usb647.o
__EEPROM_REGION_LENGTH__                          /usr/lib/gcc/avr/5.4.0/../../../avr/lib/avr5/crtat90usb647.o
__FUSE_REGION_LENGTH__                            /usr/lib/gcc/avr/5.4.0/../../../avr/lib/avr5/crtat90usb647.o
__TEXT_REGION_LENGTH__                            /usr/lib/gcc/avr/5.4.0/../../../avr/lib/avr5/crtat90usb647.o
__bad_interrupt                                   /usr/lib/gcc/avr/5.4.0/../../../avr/lib/avr5/crtat90usb647.o
__bss_end                                         /usr/lib/gcc/avr/5.4.0/avr5/libgcc.a(_clear_bss.o)
__bss_start                                       /usr/lib/gcc/avr/5.4.0/avr5/libgcc.a(_clear_bss.o)
__data_end                                        /usr/lib/gcc/avr/5.4.0/avr5/libgcc.a(_copy_data.o)
__data_load_start                                 /usr/lib/gcc/avr/5.4.0/avr5/libgcc.a(_copy_data.o)
__data_start                                      /usr/lib/gcc/avr/5.4.0/avr5/libgcc.a(_copy_data.o)
__divmodhi4                                       /usr/lib/gcc/avr/5.4.0/avr5/libgcc.a(_divmodhi4.o)
                                                  obj/inout.o
__do_clear_bss                                    /usr/lib/gcc/avr/5.4.0/avr5/libgcc.a(_clear_bss.o)
                                                  /usr/lib/gcc/avr/5.4.0/../../../avr/lib/avr5/libc.a(iob.o)
                                                  obj/Serial_AVR8.o
                                                  obj/USBTask.o
                                                  obj/HostStandardReq.o
                                                  obj/Host_AVR8.o
                                                  obj/inout.o
                                                  obj/KeyboardHost.o
__do_copy_data                                    /usr/lib/gcc/avr/5.4.0/avr5/libgcc.a(_copy_data.o)
                                                  obj/HostStandardReq.o
                                                  obj/Pipe_AVR8.o
                                                  obj/Host_AVR8.o
                                                  obj/inout.o
                                                  obj/KeyboardHost.o
__epilogue_restores__                             /usr/lib/gcc/avr/5.4.0/avr5/libgcc.a(_epilogue.o)
                                                  /usr/lib/gcc/avr/5.4.0/../../../avr/lib/avr5/libc.a(vfprintf_std.o)
                                                  /usr/lib/gcc/avr/5.4.0/../../../avr/lib/avr5/libc.a(printf_p.o)
__heap_end                                        /usr/lib/gcc/avr/5.4.0/../../../avr/lib/avr5/crtat90usb647.o
__init                                            /usr/lib/gcc/avr/5.4.0/../../../avr/lib/avr5/crtat90usb647.o
__iob                                             /usr/lib/gcc/avr/5.4.0/../../../avr/lib/avr5/libc.a(iob.o)
                                                  /usr/lib/gcc/avr/5.4.0/../../../avr/lib/avr5/libc.a(puts_p.o)
                                                  /usr/lib/gcc/avr/5.4.0/../../../avr/lib/avr5/libc.a(printf_p.o)
                                                  obj/Serial_AVR8.o
__prologue_saves__                                /usr/lib/gcc/avr/5.4.0/avr5/libgcc.a(_prologue.o)
                                                  /usr/lib/gcc/avr/5.4.0/../../../avr/lib/avr5/libc.a(vfprintf_std.o)
                                                  /usr/lib/gcc/avr/5.4.0/../../../avr/lib/avr5/libc.a(printf_p.o)
__stack                                           /usr/lib/gcc/avr/5.4.0/../../../avr/lib/avr5/crtat90usb647.o
__udivmodhi4                                      /usr/lib/gcc/avr/5.4.0/avr5/libgcc.a(_udivmodhi4.o)
                                                  /usr/lib/gcc/avr/5.4.0/avr5/libgcc.a(_divmodhi4.o)
__ultoa_invert                                    /usr/lib/gcc/avr/5.4.0/../../../avr/lib/avr5/libc.a(ultoa_invert.o)
                                                  /usr/lib/gcc/avr/5.4.0/../../../avr/lib/avr5/libc.a(vfprintf_std.o)
__vector_1                                        /usr/lib/gcc/avr/5.4.0/../../../avr/lib/avr5/crtat90usb647.o
__vector_10                                       obj/USBInterrupt_AVR8.o
                                                  /usr/lib/gcc/avr/5.4.0/../../../avr/lib/avr5/crtat90usb647.o
__vector_11                                       /usr/lib/gcc/avr/5.4.0/../../../avr/lib/avr5/crtat90usb647.o
__vector_12                                       /usr/lib/gcc/avr/5.4.0/../../../avr/lib/avr5/crtat90usb647.o
__vector_13                                       /usr/lib/gcc/avr/5.4.0/../../../avr/lib/avr5/crtat90usb647.o
__vector_14                                       /usr/lib/gcc/avr/5.4.0/../../../avr/lib/avr5/crtat90usb647.o
__vector_15                                       /usr/lib/gcc/avr/5.4.0/../../../avr/lib/avr5/crtat90usb647.o
__vector_16                                       /usr/lib/gcc/avr/5.4.0/../../../avr/lib/avr5/crtat90usb647.o
__vector_17                                       /usr/lib/gcc/avr/5.4.0/../../../avr/lib/avr5/crtat90usb647.o
__vector_18                                       /usr/lib/gcc/avr/5.4.0/../../../avr/lib/avr5/crtat90usb647.o
__vector_19                                       /usr/lib/gcc/avr/5.4.0/../../../avr/lib/avr5/crtat90usb647.o
__vector_2                                        /usr/lib/gcc/avr/5.4.0/../../../avr/lib/avr5/crtat90usb647.o
__vector_20                                       /usr/lib/gcc/avr/5.4.0/../../../avr/lib/avr5/crtat90usb647.o
__vector_21                                       /usr/lib/gcc/avr/5.4.0/../../../avr/lib/avr5/crtat90usb647.o
__vector_22                                       /usr/lib/gcc/avr/5.4.0/../../../avr/lib/avr5/crtat90usb647.o
__vector_23                                       /usr/lib/gcc/avr/5.4.0/../../../avr/lib/avr5/crtat90usb647.o
__vector_24                                       obj/inout.o
                                                  /usr/lib/gcc/avr/5.4.0/../../../avr/lib/avr5/crtat90usb647.o
__vector_25                                       /usr/lib/gcc/avr/5.4.0/../../../avr/lib/avr5/crtat90usb647.o
__vector_26                                       /usr/lib/gcc/avr/5.4.0/../../../avr/lib/avr5/crtat90usb647.o
__vector_27                                       /usr/lib/gcc/avr/5.4.0/../../../avr/lib/avr5/crtat90usb647.o
__vector_28                                       /usr/lib/gcc/avr/5.4.0/../../../avr/lib/avr5/crtat90usb647.o
__vector_29                                       /usr/lib/gcc/avr/5.4.0/../../../avr/lib/avr5/crtat90usb647.o
__vector_3                                        /usr/lib/gcc/avr/5.4.0/../../../avr/lib/avr5/crtat90usb647.o
__vector_30                                       /usr/lib/gcc/avr/5.4.0/../../../avr/lib/avr5/crtat90usb647.o
__vector_31                                       /usr/lib/gcc/avr/5.4.0/../../../avr/lib/avr5/crtat90usb647.o
__vector_32                                       /usr/lib/gcc/avr/5.4.0/../../../avr/lib/avr5/crtat90usb647.o
__vector_33                                       /usr/lib/gcc/avr/5.4.0/../../../avr/lib/avr5/crtat90usb647.o
__vector_34                                       /usr/lib/gcc/avr/5.4.0/../../../avr/lib/avr5/crtat90usb647.o
__vector_35                                       /usr/lib/gcc/avr/5.4.0/../../../avr/lib/avr5/crtat90usb647.o
__vector_36                                       /usr/lib/gcc/avr/5.4.0/../../../avr/lib/avr5/crtat90usb647.o
__vector_37                                       /usr/lib/gcc/avr/5.4.0/../../../avr/lib/avr5/crtat90usb647.o
__vector_4                                        /usr/lib/gcc/avr/5.4.0/../../../avr/lib/avr5/crtat90usb647.o
__vector_5                                        /usr/lib/gcc/avr/5.4.0/../../../avr/lib/avr5/crtat90usb647.o
__vector_6                                        /usr/lib/gcc/avr/5.4.0/../../../avr/lib/avr5/crtat90usb647.o
__vector_7                                        /usr/lib/gcc/avr/5.4.0/../../../avr/lib/avr5/crtat90usb647.o
__vector_8                                        /usr/lib/gcc/avr/5.4.0/../../../avr/lib/avr5/crtat90usb647.o
__vector_9                                        /usr/lib/gcc/avr/5.4.0/../../../avr/lib/avr5/crtat90usb647.o
__vector_default                                  /usr/lib/gcc/avr/5.4.0/../../../avr/lib/avr5/crtat90usb647.o
__vectors                                         /usr/lib/gcc/avr/5.4.0/../../../avr/lib/avr5/crtat90usb647.o
_div                                              /usr/lib/gcc/avr/5.4.0/avr5/libgcc.a(_divmodhi4.o)
_exit                                             /usr/lib/gcc/avr/5.4.0/avr5/libgcc.a(_exit.o)
buffer                                            obj/inout.o
clearLeds                                         obj/inout.o
                                                  obj/KeyboardHost.o
dequeue                                           obj/inout.o
eeprom_read_byte                                  /usr/lib/gcc/avr/5.4.0/../../../avr/lib/avr5/libat90usb647.a(eerd_byte.o)
                                                  obj/PipeStream_AVR8.o
eeprom_update_byte                                /usr/lib/gcc/avr/5.4.0/../../../avr/lib/avr5/libat90usb647.a(eeupd_byte.o)
                                                  obj/PipeStream_AVR8.o
eeprom_update_r18                                 /usr/lib/gcc/avr/5.4.0/../../../avr/lib/avr5/libat90usb647.a(eeupd_byte.o)
enqueue                                           obj/inout.o
exit                                              /usr/lib/gcc/avr/5.4.0/avr5/libgcc.a(_exit.o)
                                                  /usr/lib/gcc/avr/5.4.0/../../../avr/lib/avr5/crtat90usb647.o
fputc                                             /usr/lib/gcc/avr/5.4.0/../../../avr/lib/avr5/libc.a(fputc.o)
                                                  /usr/lib/gcc/avr/5.4.0/../../../avr/lib/avr5/libc.a(vfprintf_std.o)
initIO                                            obj/inout.o
                                                  obj/KeyboardHost.o
initSPISlave                                      obj/inout.o
isEmpty                                           obj/inout.o
isEnqueuing                                       obj/inout.o
isFull                                            obj/inout.o
keyHandler                                        obj/inout.o
                                                  obj/KeyboardHost.o
leds                                              obj/inout.o
lowerKey                                          obj/KeyboardHost.o
main                                              obj/KeyboardHost.o
                                                  /usr/lib/gcc/avr/5.4.0/../../../avr/lib/avr5/crtat90usb647.o
printLeds                                         obj/inout.o
                                                  obj/KeyboardHost.o
printf_P                                          /usr/lib/gcc/avr/5.4.0/../../../avr/lib/avr5/libc.a(printf_p.o)
                                                  obj/KeyboardHost.o
processKeyDown                                    obj/KeyboardHost.o
processKeyUp                                      obj/KeyboardHost.o
puts_P                                            /usr/lib/gcc/avr/5.4.0/../../../avr/lib/avr5/libc.a(puts_p.o)
                                                  obj/KeyboardHost.o
reverseOutput                                     obj/inout.o
setHighOutput                                     obj/inout.o
setLowOutput                                      obj/inout.o
shiftKey                                          obj/KeyboardHost.o
sizeBuffer                                        obj/inout.o
sizeSendFlag                                      obj/inout.o
spiAnswer                                         obj/inout.o
spiRequest                                        obj/inout.o
strnlen                                           /usr/lib/gcc/avr/5.4.0/../../../avr/lib/avr5/libc.a(strnlen.o)
                                                  /usr/lib/gcc/avr/5.4.0/../../../avr/lib/avr5/libc.a(vfprintf_std.o)
strnlen_P                                         /usr/lib/gcc/avr/5.4.0/../../../avr/lib/avr5/libc.a(strnlen_P.o)
                                                  /usr/lib/gcc/avr/5.4.0/../../../avr/lib/avr5/libc.a(vfprintf_std.o)
upper                                             obj/KeyboardHost.o
vfprintf                                          /usr/lib/gcc/avr/5.4.0/../../../avr/lib/avr5/libc.a(vfprintf_std.o)
                                                  /usr/lib/gcc/avr/5.4.0/../../../avr/lib/avr5/libc.a(printf_p.o)
